<html>
<body>
<pre>
<h1>礦ision Build Log</h1>
<h2>Tool Versions:</h2>
IDE-Version: μVision V5.14.0.0
Copyright (C) 2015 ARM Ltd and ARM Germany GmbH. All rights reserved.
License Information: SSSS User, China, LIC=EPPAR-KLNP6-C0MN2-9D4X5-7RG7K-QFXBX
 
Tool Versions:
Toolchain:       MDK-ARM Professional  Version: 5.14.0.0
Toolchain Path:  C:\Keil_v5\ARM\ARMCC\Bin
C Compiler:      Armcc.exe V5.05 update 1 (build 106)
Assembler:       Armasm.exe V5.05 update 1 (build 106)
Linker/Locator:  ArmLink.exe V5.05 update 1 (build 106)
Library Manager: ArmAr.exe V5.05 update 1 (build 106)
Hex Converter:   FromElf.exe V5.05 update 1 (build 106)
CPU DLL:         SARMCM3.DLL V5.14.0.0
Dialog DLL:      DCM.DLL V1.13.1.0
Target DLL:      Segger\JL2CM3.dll V2.99.13.0
Dialog DLL:      TCM.DLL V1.14.4.0
 
<h2>Project:</h2>
C:\Documents and Settings\Administrator\桌面\实验7 触摸屏1.5\USER\Template.uvprojx
Project File Date:  01/01/2016

<h2>Output:</h2>
Build target 'Template'
compiling touch.c...
touch.c(180): warning:  #69-D: integer conversion resulted in truncation
      Pen_data.Key_Sta=~(1<<7);//标记按键松开   
touch.c(192): warning:  #223-D: function "LCD_DrawLine" declared implicitly
        LCD_DrawLine(x-12,y,x+13,y,Color);//横线
touch.c(198): warning:  #223-D: function "Draw_Circle" declared implicitly
        Draw_Circle(x,y,6,Color);//画中心圈
touch.c(213): warning:  #223-D: function "LCD_Fill" declared implicitly
        LCD_Fill(0,0,30,20,BLUE);
touch.c(221): warning:  #223-D: function "LCD_ShowString" declared implicitly
        LCD_ShowString(216,0,"CLR",POINT_COLOR);//显示清屏区域
touch.c(306): warning:  #223-D: function "LCD_ShowString" declared implicitly
                 LCD_ShowString(35,80,TP_REMIND_MSG_TBL,POINT_COLOR);
touch.c(311): warning:  #223-D: function "LCD_ShowString" declared implicitly
                 LCD_ShowString(35,80,TP_REMIND_MSG_TBL1,POINT_COLOR);
touch.c(341): warning:  #223-D: function "LCD_ShowString" declared implicitly
                        LCD_ShowString(35,110,"Touch Screen Adjust OK!",POINT_COLOR);//校正完成
touch.c: 8 warnings, 0 errors
linking...
Program Size: Code=15262 RO-data=3310 RW-data=76 ZI-data=1676  
FromELF: creating hex file...
"..\OBJ\Template.axf" - 0 Error(s), 8 Warning(s).

<h2>Collection of Component include folders:</h2>
  C:\Documents and Settings\Administrator\桌面\实验7 触摸屏1.5\USER\RTE
  C:\Keil_v5\ARM\PACK\Keil\STM32F4xx_DFP\1.0.8\Device\Include

<h2>Collection of Component Files used:</h2>
</pre>
</body>
</html>
