<html>
<body>
<pre>
<h1>礦ision Build Log</h1>
<h2>Tool Versions:</h2>
IDE-Version: μVision V5.14.0.0
Copyright (C) 2015 ARM Ltd and ARM Germany GmbH. All rights reserved.
License Information: SSSS User, China, LIC=EPPAR-KLNP6-C0MN2-9D4X5-7RG7K-QFXBX
 
Tool Versions:
Toolchain:       MDK-ARM Professional  Version: 5.14.0.0
Toolchain Path:  C:\Keil_v5\ARM\ARMCC\Bin
C Compiler:      Armcc.exe V5.05 update 1 (build 106)
Assembler:       Armasm.exe V5.05 update 1 (build 106)
Linker/Locator:  ArmLink.exe V5.05 update 1 (build 106)
Library Manager: ArmAr.exe V5.05 update 1 (build 106)
Hex Converter:   FromElf.exe V5.05 update 1 (build 106)
CPU DLL:         SARMCM3.DLL V5.14.0.0
Dialog DLL:      DCM.DLL V1.13.1.0
Target DLL:      Segger\JL2CM3.dll V2.99.13.0
Dialog DLL:      TCM.DLL V1.14.4.0
 
<h2>Project:</h2>
C:\Documents and Settings\Administrator\桌面\STM32F407ZET6ZGT6程序\实验6 TFT字符横屏显示\USER\Template.uvprojx
Project File Date:  12/22/2015

<h2>Output:</h2>
Build target 'Template'
compiling main.c...
compiling stm32f4xx_it.c...
compiling system_stm32f4xx.c...
compiling LED.C...
LED.h(14): warning:  #1-D: last line of file ends without a newline
  #endif /* __LED_H */
LED.C(27): warning:  #1-D: last line of file ends without a newline
  }
LED.C: 2 warnings, 0 errors
compiling TIME_TEST.C...
timer.h(8): warning:  #1-D: last line of file ends without a newline
  #endif
led.h(14): warning:  #1-D: last line of file ends without a newline
  #endif /* __LED_H */
TIME_TEST.C(48): warning:  #1-D: last line of file ends without a newline
  }
TIME_TEST.C: 3 warnings, 0 errors
compiling usart1.c...
usart1.h(11): warning:  #1-D: last line of file ends without a newline
  #endif /* __USART1_H */
usart1.c: 1 warning, 0 errors
compiling delay.c...
delay.c(15): warning:  #1-D: last line of file ends without a newline
  } 
delay.c: 1 warning, 0 errors
compiling lcd.c...
compiling text.c...
text.c(51): warning:  #223-D: function "LCD_DrawPoint" declared implicitly
                                LCD_DrawPoint(x,y,Color);       
text.c(55): warning:  #223-D: function "LCD_DrawPoint" declared implicitly
                                LCD_DrawPoint(x,y,BACK_COLOR);  
text.c: 2 warnings, 0 errors
assembling startup_stm32f40_41xxx.s...
compiling misc.c...
compiling stm32f4xx_adc.c...
compiling stm32f4xx_can.c...
compiling stm32f4xx_crc.c...
compiling stm32f4xx_cryp.c...
compiling stm32f4xx_cryp_aes.c...
compiling stm32f4xx_cryp_des.c...
compiling stm32f4xx_cryp_tdes.c...
compiling stm32f4xx_dac.c...
compiling stm32f4xx_dbgmcu.c...
compiling stm32f4xx_dcmi.c...
compiling stm32f4xx_dma2d.c...
compiling stm32f4xx_dma.c...
compiling stm32f4xx_exti.c...
compiling stm32f4xx_flash.c...
compiling stm32f4xx_flash_ramfunc.c...
compiling stm32f4xx_fsmc.c...
compiling stm32f4xx_gpio.c...
compiling stm32f4xx_hash.c...
compiling stm32f4xx_hash_md5.c...
compiling stm32f4xx_hash_sha1.c...
compiling stm32f4xx_i2c.c...
compiling stm32f4xx_iwdg.c...
compiling stm32f4xx_ltdc.c...
compiling stm32f4xx_pwr.c...
compiling stm32f4xx_rcc.c...
compiling stm32f4xx_rng.c...
compiling stm32f4xx_rtc.c...
compiling stm32f4xx_sai.c...
compiling stm32f4xx_sdio.c...
compiling stm32f4xx_spi.c...
compiling stm32f4xx_syscfg.c...
compiling stm32f4xx_tim.c...
compiling stm32f4xx_usart.c...
compiling stm32f4xx_wwdg.c...
linking...
Program Size: Code=11178 RO-data=3114 RW-data=40 ZI-data=1632  
FromELF: creating hex file...
"..\OBJ\Template.axf" - 0 Error(s), 9 Warning(s).

<h2>Collection of Component include folders:</h2>
  C:\Documents and Settings\Administrator\桌面\STM32F407ZET6ZGT6程序\实验6 TFT字符横屏显示\USER\RTE
  C:\Keil_v5\ARM\PACK\Keil\STM32F4xx_DFP\1.0.8\Device\Include

<h2>Collection of Component Files used:</h2>
</pre>
</body>
</html>
